
Memory Configuration

Name             Origin             Length             Attributes
ROM              0x0000000008000000 0x0000000000010000 xr
RAM              0x0000000020000000 0x0000000000005000 xrw
*default*        0x0000000000000000 0xffffffffffffffff

Linker script and memory map

LOAD blink.o
LOAD startup_stm32f103c8t6.o

.text           0x0000000008000000      0x274
 *(.vectors)
 .vectors       0x0000000008000000      0x130 startup_stm32f103c8t6.o
                0x0000000008000000                vector_table
 *(.text)
 .text          0x0000000008000130       0xac blink.o
                0x0000000008000130                main
 .text          0x00000000080001dc       0x8c startup_stm32f103c8t6.o
                0x00000000080001dc                RTC_Alarm_IRQHandler
                0x00000000080001dc                EXTI2_IRQHandler
                0x00000000080001dc                TIM8_CC_IRQHandler
                0x00000000080001dc                DebugMon_Handler
                0x00000000080001dc                TIM1_CC_IRQHandler
                0x00000000080001dc                HardFault_Handler
                0x00000000080001dc                DMA1_Stream5_IRQHandler
                0x00000000080001dc                SysTick_Handler
                0x00000000080001dc                PVD_IRQHandler
                0x00000000080001dc                SDIO_IRQHandler
                0x00000000080001dc                PendSV_Handler
                0x00000000080001dc                NMI_Handler
                0x00000000080001dc                EXTI3_IRQHandler
                0x00000000080001dc                TIM8_TRG_COM_TIM14_IRQHandler
                0x00000000080001dc                TIM1_UP_TIM10_IRQHandler
                0x00000000080001dc                TIM8_UP_TIM13_IRQHandler
                0x00000000080001dc                USB_HP_CAN_TX_IRQHandler
                0x00000000080001dc                EXTI0_IRQHandler
                0x00000000080001dc                I2C2_EV_IRQHandler
                0x00000000080001dc                DMA1_Stream2_IRQHandler
                0x00000000080001dc                UsageFault_Handler
                0x00000000080001dc                ADC1_2_IRQHandler
                0x00000000080001dc                DMA2_Stream2_IRQHandler
                0x00000000080001dc                SPI1_IRQHandler
                0x00000000080001dc                CAN_SCE_IRQHandler
                0x00000000080001dc                TAMPER_IRQHandler
                0x00000000080001dc                TIM6_DAC_IRQHandler
                0x00000000080001dc                TIM1_BRK_TIM9_IRQHandler
                0x00000000080001dc                USART3_IRQHandler
                0x00000000080001dc                UART5_IRQHandler
                0x00000000080001dc                ADC3_IRQHandler
                0x00000000080001dc                DMA2_Stream0_IRQHandler
                0x00000000080001dc                TIM4_IRQHandler
                0x00000000080001dc                CAN_RX1_IRQHandler
                0x00000000080001dc                I2C1_EV_IRQHandler
                0x00000000080001dc                DMA1_Stream6_IRQHandler
                0x00000000080001dc                DMA1_Stream1_IRQHandler
                0x00000000080001dc                UART4_IRQHandler
                0x00000000080001dc                TIM3_IRQHandler
                0x00000000080001dc                RCC_IRQHandler
                0x00000000080001dc                TIM8_BRK_TIM12_IRQHandler
                0x00000000080001dc                Default_Handler
                0x00000000080001dc                EXTI15_10_IRQHandler
                0x00000000080001dc                TIM7_IRQHandler
                0x00000000080001dc                TIM5_IRQHandler
                0x00000000080001dc                EXTI9_5_IRQHandler
                0x00000000080001dc                RTC_WKUP_IRQHandler
                0x00000000080001dc                SPI2_IRQHandler
                0x00000000080001dc                DMA2_Stream3_4_IRQHandler
                0x00000000080001dc                USB_LP_CAN_RX0_IRQHandler
                0x00000000080001dc                MemManage_Handler
                0x00000000080001dc                DMA1_Stream0_IRQHandler
                0x00000000080001dc                SVC_Handler
                0x00000000080001dc                EXTI4_IRQHandler
                0x00000000080001dc                FSMC_IRQHandler
                0x00000000080001dc                WWDG_IRQHandler
                0x00000000080001dc                TIM2_IRQHandler
                0x00000000080001dc                TIM1_TRG_COM_TIM11_IRQHandler
                0x00000000080001dc                EXTI1_IRQHandler
                0x00000000080001dc                USART2_IRQHandler
                0x00000000080001dc                I2C2_ER_IRQHandler
                0x00000000080001dc                DMA2_Stream1_IRQHandler
                0x00000000080001dc                FLASH_IRQHandler
                0x00000000080001dc                BusFault_Handler
                0x00000000080001dc                USART1_IRQHandler
                0x00000000080001dc                SPI3_IRQHandler
                0x00000000080001dc                DMA1_Stream4_IRQHandler
                0x00000000080001dc                I2C1_ER_IRQHandler
                0x00000000080001dc                USB_WKUP_IRQHandler
                0x00000000080001dc                DMA1_Stream3_IRQHandler
                0x00000000080001e2                Reset_Handler
 *(.rodata)
 .rodata        0x0000000008000268        0xc blink.o
                0x0000000008000268                pRccApb2Enr
                0x000000000800026c                pGpioC_Crh
                0x0000000008000270                pGpioC_Odr
                0x0000000008000274                . = ALIGN (0x4)
                0x0000000008000274                _etext = .

.glue_7         0x0000000008000274        0x0
 .glue_7        0x0000000008000274        0x0 linker stubs

.glue_7t        0x0000000008000274        0x0
 .glue_7t       0x0000000008000274        0x0 linker stubs

.vfp11_veneer   0x0000000008000274        0x0
 .vfp11_veneer  0x0000000008000274        0x0 linker stubs

.v4_bx          0x0000000008000274        0x0
 .v4_bx         0x0000000008000274        0x0 linker stubs

.iplt           0x0000000008000274        0x0
 .iplt          0x0000000008000274        0x0 blink.o

.rel.dyn        0x0000000008000274        0x0
 .rel.iplt      0x0000000008000274        0x0 blink.o

.data           0x0000000020000000        0x0 load address 0x0000000008000274
                0x0000000020000000                _sdata = .
 *(.data)
 .data          0x0000000020000000        0x0 blink.o
 .data          0x0000000020000000        0x0 startup_stm32f103c8t6.o
                0x0000000020000000                . = ALIGN (0x4)
                0x0000000020000000                _edata = .

.igot.plt       0x0000000020000000        0x0 load address 0x0000000008000274
 .igot.plt      0x0000000020000000        0x0 blink.o

.bss            0x0000000020000000        0x4 load address 0x0000000008000274
                0x0000000020000000                _sbss = .
 *(.bss)
 .bss           0x0000000020000000        0x2 blink.o
                0x0000000020000000                dummyCntr
 .bss           0x0000000020000002        0x0 startup_stm32f103c8t6.o
                0x0000000020000004                . = ALIGN (0x4)
 *fill*         0x0000000020000002        0x2 
                0x0000000020000004                _ebss = .
                0x0000000020005000                PROVIDE (_stack = (ORIGIN (RAM) + LENGTH (RAM)))
OUTPUT(blink.elf elf32-littlearm)
LOAD linker stubs

.comment        0x0000000000000000       0x33
 .comment       0x0000000000000000       0x33 blink.o
                                         0x34 (size before relaxing)
 .comment       0x0000000000000033       0x34 startup_stm32f103c8t6.o

.ARM.attributes
                0x0000000000000000       0x2d
 .ARM.attributes
                0x0000000000000000       0x2d blink.o
 .ARM.attributes
                0x000000000000002d       0x2d startup_stm32f103c8t6.o
